// Jest Snapshot v1, https://goo.gl/fbAQLP

exports[`testea a <GifItem/> debe coincidir con el snapshot 1`] = `
<div>
  <div
    class="card"
  >
    <img
      alt="tete"
      src="www.google.com"
    />
    <p>
      tete
    </p>
  </div>
</div>
`;
